02-26 04:26:24.561 1716-1735/com.sty.ne.chatroom W/OpenGLRenderer: Failed to set EGL_SWAP_BEHAVIOR on surface 0xdcd1e280, error=EGL_SUCCESS
02-26 04:26:25.458 1716-1716/com.sty.ne.chatroom D/LeakCanary: Watching instance of leakcanary.internal.ViewModelClearedWatcher (leakcanary.internal.ViewModelClearedWatcher received ViewModel#onCleared() callback) with key add7e710-cc39-474a-bcb1-20773e9c2140
02-26 04:26:25.461 1716-1716/com.sty.ne.chatroom D/LeakCanary: Watching instance of androidx.fragment.app.FragmentManagerViewModel (androidx.fragment.app.FragmentManagerViewModel received ViewModel#onCleared() callback) with key a308cd8a-1f04-4116-bcba-7923f3469b0f
02-26 04:26:25.466 1716-1716/com.sty.ne.chatroom D/LeakCanary: Watching instance of com.sty.ne.chatroom.ui.ChatRoomActivity (com.sty.ne.chatroom.ui.ChatRoomActivity received Activity#onDestroy() callback) with key e2be15c9-cfbb-4ea1-9e0e-676e0c6fc9b2
02-26 04:26:25.473 1716-1716/com.sty.ne.chatroom D/LeakCanary: Watching instance of android.widget.RelativeLayout (com.sty.ne.chatroom.ui.ChatRoomFragment received Fragment#onDestroyView() callback (references to its views should be cleared to prevent leaks)) with key 7f05fd2a-9328-4128-a039-486a22e4eff9
02-26 04:26:25.474 1716-1716/com.sty.ne.chatroom D/LeakCanary: Watching instance of androidx.loader.app.LoaderManagerImpl$LoaderViewModel (androidx.loader.app.LoaderManagerImpl$LoaderViewModel received ViewModel#onCleared() callback) with key 275f1ac0-d153-4738-8a6c-8b8f90201486
02-26 04:26:25.474 1716-1716/com.sty.ne.chatroom D/LeakCanary: Watching instance of leakcanary.internal.ViewModelClearedWatcher (leakcanary.internal.ViewModelClearedWatcher received ViewModel#onCleared() callback) with key 066048fe-4b6f-402a-815f-4520e60781cd
02-26 04:26:25.474 1716-1716/com.sty.ne.chatroom D/LeakCanary: Watching instance of com.sty.ne.chatroom.ui.ChatRoomFragment (com.sty.ne.chatroom.ui.ChatRoomFragment received Fragment#onDestroy() callback) with key ee73f9c8-32ba-4916-b390-54c88c2357de

手机1对1加入房间：
02-26 04:27:38.865 1716-1716/com.sty.ne.chatroom I/org.webrtc.Logging: EglRenderer: svr_remote_rendersetMirrorHorizontally: true
02-26 04:27:38.866 1716-1716/com.sty.ne.chatroom D/JavaWebSocket: joinRoom--> {"eventName":"__join","data":{"room":"666555:"}}
02-26 04:27:38.877 1716-1899/com.sty.ne.chatroom D/JavaWebSocket: onMessage: {"eventName":"_peers","data":{"connections":["94b742b9-731e-44c6-b004-356005cf6414"],"you":"fe2a7cd9-2280-4bdf-9aa0-0d990b792f82"}}
02-26 04:27:38.878 1716-1899/com.sty.ne.chatroom D/JavaWebSocket: JavaWebSocket handleJoinRoom: 
02-26 04:27:38.878 1716-1899/com.sty.ne.chatroom D/WebRTCManager: onJoinToRoom() myId: fe2a7cd9-2280-4bdf-9aa0-0d990b792f82
02-26 04:27:38.913 1716-1716/com.sty.ne.chatroom I/org.webrtc.Logging: SurfaceViewRenderer: svr_remote_render: onMeasure(). New size: 768x1038
02-26 04:27:38.913 1716-1716/com.sty.ne.chatroom I/org.webrtc.Logging: SurfaceViewRenderer: svr_local_render: onMeasure(). New size: 240x998
02-26 04:27:38.913 1716-1716/com.sty.ne.chatroom I/org.webrtc.Logging: SurfaceViewRenderer: svr_remote_render: onMeasure(). New size: 768x1038
02-26 04:27:38.913 1716-1716/com.sty.ne.chatroom I/org.webrtc.Logging: SurfaceViewRenderer: svr_local_render: onMeasure(). New size: 240x360
02-26 04:27:38.943 1716-1735/com.sty.ne.chatroom W/EGL_emulation: eglSurfaceAttrib not implemented
02-26 04:27:38.943 1716-1735/com.sty.ne.chatroom W/OpenGLRenderer: Failed to set EGL_SWAP_BEHAVIOR on surface 0xdcd1e340, error=EGL_SUCCESS
02-26 04:27:38.964 1716-1716/com.sty.ne.chatroom I/org.webrtc.Logging: SurfaceViewRenderer: svr_remote_render: onMeasure(). New size: 768x1134
02-26 04:27:38.964 1716-1716/com.sty.ne.chatroom I/org.webrtc.Logging: SurfaceViewRenderer: svr_local_render: onMeasure(). New size: 240x1094
02-26 04:27:38.964 1716-1716/com.sty.ne.chatroom I/org.webrtc.Logging: SurfaceViewRenderer: svr_remote_render: onMeasure(). New size: 768x1134
02-26 04:27:38.964 1716-1716/com.sty.ne.chatroom I/org.webrtc.Logging: SurfaceViewRenderer: svr_local_render: onMeasure(). New size: 240x360
02-26 04:27:38.964 1716-1716/com.sty.ne.chatroom I/org.webrtc.Logging: EglRenderer: svr_local_rendersetLayoutAspectRatio: 0.6666667
02-26 04:27:38.964 1716-1716/com.sty.ne.chatroom I/org.webrtc.Logging: EglRenderer: svr_remote_rendersetLayoutAspectRatio: 0.67724866
02-26 04:27:39.088 1716-1716/com.sty.ne.chatroom I/org.webrtc.Logging: SurfaceEglRenderer: svr_local_render: surfaceChanged: format: 4 size: 240x360
02-26 04:27:39.199 1716-1716/com.sty.ne.chatroom I/org.webrtc.Logging: SurfaceEglRenderer: svr_remote_render: surfaceChanged: format: 4 size: 768x1134
02-26 04:27:39.254 1716-1909/com.sty.ne.chatroom I/org.webrtc.Logging: NativeLibrary: Native library has already been loaded.
02-26 04:27:39.254 1716-1909/com.sty.ne.chatroom I/org.webrtc.Logging: PeerConnectionFactory: PeerConnectionFactory was initialized without an injected Loggable. Any existing Loggable will be deleted.
02-26 04:27:39.254 1716-1909/com.sty.ne.chatroom I/org.webrtc.Logging: WebRtcAudioManagerExternal: Sample rate is set to 44100 Hz
02-26 04:27:39.256 1716-1909/com.sty.ne.chatroom I/org.webrtc.Logging: WebRtcAudioManagerExternal: Sample rate is set to 44100 Hz
02-26 04:27:39.256 1716-1909/com.sty.ne.chatroom I/org.webrtc.Logging: JavaAudioDeviceModule: createAudioDeviceModule
02-26 04:27:39.256 1716-1909/com.sty.ne.chatroom I/org.webrtc.Logging: JavaAudioDeviceModule: HW NS will not be used.
02-26 04:27:39.256 1716-1909/com.sty.ne.chatroom I/org.webrtc.Logging: JavaAudioDeviceModule: HW AEC will not be used.
02-26 04:27:39.256 1716-1909/com.sty.ne.chatroom I/org.webrtc.Logging: WebRtcAudioEffectsExternal: ctor@[name=pool-2-thread-1, id=180]
02-26 04:27:39.256 1716-1909/com.sty.ne.chatroom I/org.webrtc.Logging: WebRtcAudioRecordExternal: ctor@[name=pool-2-thread-1, id=180]
02-26 04:27:39.256 1716-1909/com.sty.ne.chatroom I/org.webrtc.Logging: WebRtcAudioTrackExternal: ctor@[name=pool-2-thread-1, id=180]
02-26 04:27:39.268 1716-1910/com.sty.ne.chatroom I/org.webrtc.Logging: PeerConnectionFactory: onNetworkThreadReady
02-26 04:27:39.276 1716-1911/com.sty.ne.chatroom I/org.webrtc.Logging: PeerConnectionFactory: onWorkerThreadReady
02-26 04:27:39.276 1716-1912/com.sty.ne.chatroom I/org.webrtc.Logging: PeerConnectionFactory: onSignalingThreadReady
02-26 04:27:39.300 1716-1909/com.sty.ne.chatroom I/org.webrtc.Logging: Camera1Enumerator: Index: 0. Camera 0, Facing back, Orientation 90
02-26 04:27:39.306 1716-1909/com.sty.ne.chatroom I/org.webrtc.Logging: Camera1Enumerator: Index: 1. Camera 1, Facing front, Orientation 90
02-26 04:27:39.306 1716-1909/com.sty.ne.chatroom I/org.webrtc.Logging: Camera1Enumerator: getCameraIndex: Camera 0, Facing back, Orientation 90
02-26 04:27:39.315 1716-1909/com.sty.ne.chatroom I/org.webrtc.Logging: Camera1Enumerator: getCameraIndex: Camera 1, Facing front, Orientation 90
02-26 04:27:39.332 1716-1909/com.sty.ne.chatroom I/org.webrtc.Logging: Camera1Enumerator: Index: 0. Camera 0, Facing back, Orientation 90
02-26 04:27:39.340 1716-1909/com.sty.ne.chatroom I/org.webrtc.Logging: Camera1Enumerator: Index: 1. Camera 1, Facing front, Orientation 90
02-26 04:27:39.468 1716-1716/com.sty.ne.chatroom I/org.webrtc.Logging: SurfaceViewRenderer: svr_remote_render: onMeasure(). New size: 768x1134
02-26 04:27:39.468 1716-1716/com.sty.ne.chatroom I/org.webrtc.Logging: SurfaceViewRenderer: svr_local_render: onMeasure(). New size: 240x1094
02-26 04:27:39.468 1716-1716/com.sty.ne.chatroom I/org.webrtc.Logging: SurfaceViewRenderer: svr_remote_render: onMeasure(). New size: 768x1134
02-26 04:27:39.468 1716-1716/com.sty.ne.chatroom I/org.webrtc.Logging: SurfaceViewRenderer: svr_local_render: onMeasure(). New size: 240x360
02-26 04:27:39.468 1716-1716/com.sty.ne.chatroom I/org.webrtc.Logging: EglRenderer: svr_local_rendersetLayoutAspectRatio: 0.6666667
02-26 04:27:39.468 1716-1716/com.sty.ne.chatroom I/org.webrtc.Logging: EglRenderer: svr_remote_rendersetLayoutAspectRatio: 0.67724866
02-26 04:27:39.514 1716-1915/com.sty.ne.chatroom I/org.webrtc.Logging: EglBase14Impl: Using OpenGL ES version 2
02-26 04:27:39.534 1716-1909/com.sty.ne.chatroom I/org.webrtc.Logging: CameraCapturer: startCapture: 320x240@10
02-26 04:27:39.535 1716-1915/com.sty.ne.chatroom I/org.webrtc.Logging: Camera1Enumerator: getCameraIndex: Camera 1, Facing front, Orientation 90
02-26 04:27:39.554 1716-1915/com.sty.ne.chatroom I/org.webrtc.Logging: Camera1Session: Open camera 1
02-26 04:27:39.559 1716-1909/com.sty.ne.chatroom D/PeerConnectionManager: 为所有连接添加流
02-26 04:27:39.561 1716-1912/com.sty.ne.chatroom D/PeerConnectionManager: onRenegotiationNeeded 
02-26 04:27:39.565 1716-1912/com.sty.ne.chatroom D/PeerConnectionManager: onCreateSuccess sessionDescription: org.webrtc.SessionDescription@3bc12d70
02-26 04:27:39.570 1716-1912/com.sty.ne.chatroom D/PeerConnectionManager: onSignalingChange signalingState: HAVE_LOCAL_OFFER
02-26 04:27:39.585 1716-1910/com.sty.ne.chatroom I/org.webrtc.Logging: NetworkMonitor: Start monitoring with native observer -288791840
02-26 04:27:39.588 1716-1910/com.sty.ne.chatroom W/org.webrtc.Logging: NetworkMonitorAutoDetect: Unable to obtain permission to request a cellular network.
02-26 04:27:39.596 1716-1858/com.sty.ne.chatroom D/ConnectivityManager.CallbackHandler: CM callback handler got msg 524290
02-26 04:27:39.596 1716-1858/com.sty.ne.chatroom I/org.webrtc.Logging: NetworkMonitorAutoDetect: Network becomes available: 100
02-26 04:27:39.601 1716-1912/com.sty.ne.chatroom D/PeerConnectionManager: onSetSuccess 
02-26 04:27:39.601 1716-1912/com.sty.ne.chatroom D/JavaWebSocket: sendOffer -> {"eventName":"__offer","data":{"socketId":"94b742b9-731e-44c6-b004-356005cf6414","sdp":{"type":"offer","sdp":"v=0\r\no=- 9105143014115089042 2 IN IP4 127.0.0.1\r\ns=-\r\nt=0 0\r\na=group:BUNDLE audio video\r\na=msid-semantic: WMS ARDAMS\r\nm=audio 9 UDP/TLS/RTP/SAVPF 111 103 104 9 102 0 8 106 105 13 110 112 113 126\r\nc=IN IP4 0.0.0.0\r\na=rtcp:9 IN IP4 0.0.0.0\r\na=ice-ufrag:Rq3X\r\na=ice-pwd:n2UtQBMGZPCYHsVRVVSRun2G\r\na=ice-options:trickle renomination\r\na=fingerprint:sha-256 E7:C8:25:D2:13:F6:C5:0A:2B:8C:78:40:80:74:BB:B2:66:B0:6C:F8:0E:2C:BF:6E:5D:BC:AF:E9:EE:AF:CB:12\r\na=setup:actpass\r\na=mid:audio\r\na=extmap:1 urn:ietf:params:rtp-hdrext:ssrc-audio-level\r\na=extmap:2 http://www.webrtc.org/experiments/rtp-hdrext/abs-send-time\r\na=extmap:3 http://www.ietf.org/id/draft-holmer-rmcat-transport-wide-cc-extensions-01\r\na=sendrecv\r\na=rtcp-mux\r\na=rtpmap:111 opus/48000/2\r\na=rtcp-fb:111 transport-cc\r\na=fmtp:111 minptime=10;useinbandfec=1\r\na=rtpmap:103 ISAC/16000\r\na=rtpmap:104 ISAC/32000\r\na=rtpmap:9 G722/8000\r\na=rtpmap:102 ILBC/8000\r\na=rtpmap:0 PCMU/8000\r\na=rtpmap:8 PCMA/8000\r\na=rtpmap:106 CN/32000\r\na=rtpmap:105 CN/16000\r\na=rtpmap:13 CN/8000\r\na=rtpmap:110 telephone-event/48000\r\na=rtpmap:112 telephone-event/32000\r\na=rtpmap:113 telephone-event/16000\r\na=rtpmap:126 telephone-event/8000\r\na=ssrc:619882300 cname:aQHo8LqGGUmVDf8N\r\na=ssrc:619882300 msid:ARDAMS ARDAMSa0\r\na=ssrc:619882300 mslabel:ARDAMS\r\na=ssrc:619882300 label:ARDAMSa0\r\nm=video 9 UDP/TLS/RTP/SAVPF 96 97 98 99 100 101 127\r\nc=IN IP4 0.0.0.0\r\na=rtcp:9 IN IP4 0.0.0.0\r\na=ice-ufrag:Rq3X\r\na=ice-pwd:n2UtQBMGZPCYHsVRVVSRun2G\r\na=ice-options:trickle renomination\r\na=fingerprint:sha-256 E7:C8:25:D2:13:F6:C5:0A:2B:8C:78:40:80:74:BB:B2:66:B0:6C:F8:0E:2C:BF:6E:5D:BC:AF:E9:EE:AF:CB:12\r\na=setup:actpass\r\na=mid:video\r\na=extmap:14 urn:ietf:params:rtp-hdrext:toffset\r\na=extmap:2 http://www.webrtc.org/experiments/rtp-hdrext/abs-send-time\r\na=extmap:13 urn:3gpp:video-orientation\r\na=extmap:3 http://www.ietf.org/id/draft-holmer-rmcat-transport-wide-cc-extensions-01\r\na=extmap:5 http://www.webrtc.org/experiments/rtp-hdrext/playout-delay\r\na=extmap:6 http://www.webrtc.org/experiments/rtp-hdrext/video-content-type\r\na=extmap:7 http://www.webrtc.org/experiments/rtp-hdrext/video-timing\r\na=extmap:8 http://www.webrtc.org/experiments/rtp-hdrext/color-space\r\na=sendrecv\r\na=rtcp-mux\r\na=rtcp-rsize\r\na=rtpmap:96 VP8/90000\r\na=rtcp-fb:96 goog-remb\r\na=rtcp-fb:96 transport-cc\r\na=rtcp-fb:96 ccm fir\r\na=rtcp-fb:96 nack\r\na=rtcp-fb:96 nack pli\r\na=rtpmap:97 rtx/90000\r\na=fmtp:97 apt=96\r\na=rtpmap:98 VP9/90000\r\na=rtcp-fb:98 goog-remb\r\na=rtcp-fb:98 transport-cc\r\na=rtcp-fb:98 ccm fir\r\na=rtcp-fb:98 nack\r\na=rtcp-fb:98 nack pli\r\na=rtpmap:99 rtx/90000\r\na=fmtp:99 apt=98\r\na=rtpmap:100 red/90000\r\na=rtpmap:101 rtx/90000\r\na=fmtp:101 apt=100\r\na=rtpmap:127 ulpfec/90000\r\na=ssrc-group:FID 2669043619 2706208800\r\na=ssrc:2669043619 cname:aQHo8LqGGUmVDf8N\r\na=ssrc:2669043619 msid:ARDAMS ARDAMSv0\r\na=ssrc:2669043619 mslabel:ARDAMS\r\na=ssrc:2669043619 label:ARDAMSv0\r\na=ssrc:2706208800 cname:aQHo8LqGGUmVDf8N\r\na=ssrc:2706208800 msid:ARDAMS ARDAMSv0\r\na=ssrc:2706208800 mslabel:ARDAMS\r\na=ssrc:2706208800 label:ARDAMSv0\r\n"}}}
02-26 04:27:39.602 1716-1912/com.sty.ne.chatroom D/PeerConnectionManager: onIceGatheringChange iceGatheringState: GATHERING
02-26 04:27:39.619 1716-1912/com.sty.ne.chatroom D/PeerConnectionManager: onIceCandidate iceCandidate: audio:0:candidate:2263450517 1 udp 2122194687 10.0.3.15 45974 typ host generation 0 ufrag Rq3X network-id 2 network-cost 10::UNKNOWN
02-26 04:27:39.620 1716-1912/com.sty.ne.chatroom D/JavaWebSocket: sendIceCandidate --> {"eventName":"__ice_candidate","data":{"id":"audio","socketId":"94b742b9-731e-44c6-b004-356005cf6414","candidate":"candidate:2263450517 1 udp 2122194687 10.0.3.15 45974 typ host generation 0 ufrag Rq3X network-id 2 network-cost 10","label":0}}
02-26 04:27:39.620 1716-1912/com.sty.ne.chatroom D/PeerConnectionManager: onIceCandidate iceCandidate: audio:0:candidate:559267639 1 udp 2122136831 ::1 35479 typ host generation 0 ufrag Rq3X network-id 4::UNKNOWN
02-26 04:27:39.622 1716-1912/com.sty.ne.chatroom D/JavaWebSocket: sendIceCandidate --> {"eventName":"__ice_candidate","data":{"id":"audio","socketId":"94b742b9-731e-44c6-b004-356005cf6414","candidate":"candidate:559267639 1 udp 2122136831 ::1 35479 typ host generation 0 ufrag Rq3X network-id 4","label":0}}
02-26 04:27:39.628 1716-1912/com.sty.ne.chatroom D/PeerConnectionManager: onIceCandidate iceCandidate: audio:0:candidate:1510613869 1 udp 2122063615 127.0.0.1 39868 typ host generation 0 ufrag Rq3X network-id 3::UNKNOWN
02-26 04:27:39.628 1716-1912/com.sty.ne.chatroom D/JavaWebSocket: sendIceCandidate --> {"eventName":"__ice_candidate","data":{"id":"audio","socketId":"94b742b9-731e-44c6-b004-356005cf6414","candidate":"candidate:1510613869 1 udp 2122063615 127.0.0.1 39868 typ host generation 0 ufrag Rq3X network-id 3","label":0}}
02-26 04:27:39.628 1716-1912/com.sty.ne.chatroom D/PeerConnectionManager: onIceCandidate iceCandidate: video:1:candidate:2263450517 1 udp 2122194687 10.0.3.15 58444 typ host generation 0 ufrag Rq3X network-id 2 network-cost 10::UNKNOWN
02-26 04:27:39.628 1716-1912/com.sty.ne.chatroom D/JavaWebSocket: sendIceCandidate --> {"eventName":"__ice_candidate","data":{"id":"video","socketId":"94b742b9-731e-44c6-b004-356005cf6414","candidate":"candidate:2263450517 1 udp 2122194687 10.0.3.15 58444 typ host generation 0 ufrag Rq3X network-id 2 network-cost 10","label":1}}
02-26 04:27:39.628 1716-1912/com.sty.ne.chatroom D/PeerConnectionManager: onIceCandidate iceCandidate: video:1:candidate:559267639 1 udp 2122136831 ::1 40787 typ host generation 0 ufrag Rq3X network-id 4::UNKNOWN
02-26 04:27:39.628 1716-1912/com.sty.ne.chatroom D/JavaWebSocket: sendIceCandidate --> {"eventName":"__ice_candidate","data":{"id":"video","socketId":"94b742b9-731e-44c6-b004-356005cf6414","candidate":"candidate:559267639 1 udp 2122136831 ::1 40787 typ host generation 0 ufrag Rq3X network-id 4","label":1}}
02-26 04:27:39.630 1716-1912/com.sty.ne.chatroom D/PeerConnectionManager: onIceCandidate iceCandidate: video:1:candidate:1510613869 1 udp 2122063615 127.0.0.1 44993 typ host generation 0 ufrag Rq3X network-id 3::UNKNOWN
02-26 04:27:39.630 1716-1912/com.sty.ne.chatroom D/JavaWebSocket: sendIceCandidate --> {"eventName":"__ice_candidate","data":{"id":"video","socketId":"94b742b9-731e-44c6-b004-356005cf6414","candidate":"candidate:1510613869 1 udp 2122063615 127.0.0.1 44993 typ host generation 0 ufrag Rq3X network-id 3","label":1}}
02-26 04:27:39.635 1716-1915/com.sty.ne.chatroom I/org.webrtc.Logging: Camera1Session: Available fps ranges: [[5.0:30.0]]
02-26 04:27:39.637 1716-1915/com.sty.ne.chatroom I/org.webrtc.Logging: Camera1Session: Create new camera1 session on camera 1
02-26 04:27:39.638 1716-1915/com.sty.ne.chatroom I/org.webrtc.Logging: Camera1Session: Start capturing
02-26 04:27:39.647 1716-1915/com.sty.ne.chatroom I/org.webrtc.Logging: CameraCapturer: Create session done. Switch state: IDLE
02-26 04:27:39.647 1716-1915/com.sty.ne.chatroom I/org.webrtc.Logging: SurfaceTextureHelper: Setting listener to org.webrtc.-$$Lambda$Camera1Session$IaCl5v4xeWNI0BnOxdpBB-kXaIc@3b509e59
02-26 04:27:39.732 1716-1912/com.sty.ne.chatroom D/PeerConnectionManager: onIceCandidate iceCandidate: audio:0:candidate:3932785465 1 tcp 1518280447 192.168.57.101 9 typ host tcptype active generation 0 ufrag Rq3X network-id 1::UNKNOWN
02-26 04:27:39.735 1716-1912/com.sty.ne.chatroom D/JavaWebSocket: sendIceCandidate --> {"eventName":"__ice_candidate","data":{"id":"audio","socketId":"94b742b9-731e-44c6-b004-356005cf6414","candidate":"candidate:3932785465 1 tcp 1518280447 192.168.57.101 9 typ host tcptype active generation 0 ufrag Rq3X network-id 1","label":0}}
02-26 04:27:39.739 1716-1912/com.sty.ne.chatroom D/PeerConnectionManager: onIceCandidate iceCandidate: audio:0:candidate:1876313031 1 tcp 1518157055 ::1 33136 typ host tcptype passive generation 0 ufrag Rq3X network-id 4::UNKNOWN
02-26 04:27:39.748 1716-1912/com.sty.ne.chatroom D/JavaWebSocket: sendIceCandidate --> {"eventName":"__ice_candidate","data":{"id":"audio","socketId":"94b742b9-731e-44c6-b004-356005cf6414","candidate":"candidate:1876313031 1 tcp 1518157055 ::1 33136 typ host tcptype passive generation 0 ufrag Rq3X network-id 4","label":0}}
02-26 04:27:39.772 1716-1912/com.sty.ne.chatroom D/PeerConnectionManager: onIceCandidate iceCandidate: audio:0:candidate:344579997 1 tcp 1518083839 127.0.0.1 43303 typ host tcptype passive generation 0 ufrag Rq3X network-id 3::UNKNOWN
02-26 04:27:39.772 1716-1912/com.sty.ne.chatroom D/JavaWebSocket: sendIceCandidate --> {"eventName":"__ice_candidate","data":{"id":"audio","socketId":"94b742b9-731e-44c6-b004-356005cf6414","candidate":"candidate:344579997 1 tcp 1518083839 127.0.0.1 43303 typ host tcptype passive generation 0 ufrag Rq3X network-id 3","label":0}}
02-26 04:27:39.772 1716-1912/com.sty.ne.chatroom D/PeerConnectionManager: onIceCandidate iceCandidate: video:1:candidate:3932785465 1 tcp 1518280447 192.168.57.101 9 typ host tcptype active generation 0 ufrag Rq3X network-id 1::UNKNOWN
02-26 04:27:39.773 1716-1912/com.sty.ne.chatroom D/JavaWebSocket: sendIceCandidate --> {"eventName":"__ice_candidate","data":{"id":"video","socketId":"94b742b9-731e-44c6-b004-356005cf6414","candidate":"candidate:3932785465 1 tcp 1518280447 192.168.57.101 9 typ host tcptype active generation 0 ufrag Rq3X network-id 1","label":1}}
02-26 04:27:39.784 1716-1899/com.sty.ne.chatroom D/JavaWebSocket: onMessage: {"eventName":"_answer","data":{"sdp":{"type":"answer","sdp":"v=0\r\no=- 1845488036967440166 2 IN IP4 127.0.0.1\r\ns=-\r\nt=0 0\r\na=group:BUNDLE audio video\r\na=msid-semantic: WMS ARDAMS\r\nm=audio 9 UDP/TLS/RTP/SAVPF 111 103 104 9 102 0 8 106 105 13 110 112 113 126\r\nc=IN IP4 0.0.0.0\r\na=rtcp:9 IN IP4 0.0.0.0\r\na=ice-ufrag:vRA3\r\na=ice-pwd:aF0iWDUcA4PfV7OfhBsrjYo8\r\na=ice-options:trickle renomination\r\na=fingerprint:sha-256 C9:CF:A1:A0:7A:56:F5:4A:5C:27:85:F5:89:76:0B:54:96:28:69:9E:BD:29:21:19:E9:1B:71:07:ED:AF:99:2E\r\na=setup:active\r\na=mid:audio\r\na=extmap:1 urn:ietf:params:rtp-hdrext:ssrc-audio-level\r\na=extmap:2 http://www.webrtc.org/experiments/rtp-hdrext/abs-send-time\r\na=extmap:3 http://www.ietf.org/id/draft-holmer-rmcat-transport-wide-cc-extensions-01\r\na=sendrecv\r\na=rtcp-mux\r\na=rtpmap:111 opus/48000/2\r\na=rtcp-fb:111 transport-cc\r\na=fmtp:111 minptime=10;useinbandfec=1\r\na=rtpmap:103 ISAC/16000\r\na=rtpmap:104 ISAC/32000\r\na=rtpmap:9 G722/8000\r\na=rtpmap:102 ILBC/8000\r\na=rtpmap:0 PCMU/8000\r\na=rtpmap:8 PCMA/8000\r\na=rtpmap:106 CN/32000\r\na=rtpmap:105 CN/16000\r\na=rtpmap:13 CN/8000\r\na=rtpmap:110 telephone-event/48000\r\na=rtpmap:112 telephone-event/32000\r\na=rtpmap:113 telephone-event/16000\r\na=rtpmap:126 telephone-event/8000\r\na=ssrc:1754050945 cname:Q4XqHY8MtWP63WS+\r\na=ssrc:1754050945 msid:ARDAMS ARDAMSa0\r\na=ssrc:1754050945 mslabel:ARDAMS\r\na=ssrc:1754050945 label:ARDAMSa0\r\nm=video 9 UDP/TLS/RTP/SAVPF 96 97 98 99 100 101 127\r\nc=IN IP4 0.0.0.0\r\na=rtcp:9 IN IP4 0.0.0.0\r\na=ice-ufrag:vRA3\r\na=ice-pwd:aF0iWDUcA4PfV7OfhBsrjYo8\r\na=ice-options:trickle renomination\r\na=fingerprint:sha-256 C9:CF:A1:A0:7A:56:F5:4A:5C:27:85:F5:89:76:0B:54:96:28:69:9E:BD:29:21:19:E9:1B:71:07:ED:AF:99:2E\r\na=setup:active\r\na=mid:video\r\na=extmap:14 urn:ietf:params:rtp-hdrext:toffset\r\na=extmap:2 http://www.webrtc.org/experiments/rtp-hdrext/abs-send-time\r\na=extmap:13 urn:3gpp:video-orientation\r\na=extmap:3 http://www.ietf.org/id/draft-holmer-rmcat-transport-wide-cc-extensions-01\r\na=extmap:5 http://www.webrtc.org/experiments/rtp-hdrext/playout-delay\r\na=extmap:6 http://www.webrtc.org/experiments/rtp-hdrext/video-content-type\r\na=extmap:7 http://www.webrtc.org/experiments/rtp-hdrext/video-timing\r\na=extmap:8 http://www.webrtc.org/experiments/rtp-hdrext/color-space\r\na=sendrecv\r\na=rtcp-mux\r\na=rtcp-rsize\r\na=rtpmap:96 VP8/90000\r\na=rtcp-fb:96 goog-remb\r\na=rtcp-fb:96 transport-cc\r\na=rtcp-fb:96 ccm fir\r\na=rtcp-fb:96 nack\r\na=rtcp-fb:96 nack pli\r\na=rtpmap:97 rtx/90000\r\na=fmtp:97 apt=96\r\na=rtpmap:98 VP9/90000\r\na=rtcp-fb:98 goog-remb\r\na=rtcp-fb:98 transport-cc\r\na=rtcp-fb:98 ccm fir\r\na=rtcp-fb:98 nack\r\na=rtcp-fb:98 nack pli\r\na=rtpmap:99 rtx/90000\r\na=fmtp:99 apt=98\r\na=rtpmap:100 red/90000\r\na=rtpmap:101 rtx/90000\r\na=fmtp:101 apt=100\r\na=rtpmap:127 ulpfec/90000\r\na=ssrc-group:FID 2166798521 1912173017\r\na=ssrc:2166798521 cname:Q4XqHY8MtWP63WS+\r\na=ssrc:2166798521 msid:ARDAMS ARDAMSv0\r\na=ssrc:2166798521 mslabel:ARDAMS\r\na=ssrc:2166798521 label:ARDAMSv0\r\na=ssrc:1912173017 cname:Q4XqHY8MtWP63WS+\r\na=ssrc:1912173017 msid:ARDAMS ARDAMSv0\r\na=ssrc:1912173017 mslabel:ARDAMS\r\na=ssrc:1912173017 label:ARDAMSv0\r\n"},"socketId":"94b742b9-731e-44c6-b004-356005cf6414"}}
02-26 04:27:39.784 1716-1899/com.sty.ne.chatroom D/JavaWebSocket: JavaWebSocket handleAnswer: 
02-26 04:27:39.784 1716-1899/com.sty.ne.chatroom D/WebRTCManager: onReceiverAnswer() socketId: 94b742b9-731e-44c6-b004-356005cf6414 sdp: v=0
    o=- 1845488036967440166 2 IN IP4 127.0.0.1
    s=-
    t=0 0
    a=group:BUNDLE audio video
    a=msid-semantic: WMS ARDAMS
    m=audio 9 UDP/TLS/RTP/SAVPF 111 103 104 9 102 0 8 106 105 13 110 112 113 126
    c=IN IP4 0.0.0.0
    a=rtcp:9 IN IP4 0.0.0.0
    a=ice-ufrag:vRA3
    a=ice-pwd:aF0iWDUcA4PfV7OfhBsrjYo8
    a=ice-options:trickle renomination
    a=fingerprint:sha-256 C9:CF:A1:A0:7A:56:F5:4A:5C:27:85:F5:89:76:0B:54:96:28:69:9E:BD:29:21:19:E9:1B:71:07:ED:AF:99:2E
    a=setup:active
    a=mid:audio
    a=extmap:1 urn:ietf:params:rtp-hdrext:ssrc-audio-level
    a=extmap:2 http://www.webrtc.org/experiments/rtp-hdrext/abs-send-time
    a=extmap:3 http://www.ietf.org/id/draft-holmer-rmcat-transport-wide-cc-extensions-01
    a=sendrecv
    a=rtcp-mux
    a=rtpmap:111 opus/48000/2
    a=rtcp-fb:111 transport-cc
    a=fmtp:111 minptime=10;useinbandfec=1
    a=rtpmap:103 ISAC/16000
    a=rtpmap:104 ISAC/32000
    a=rtpmap:9 G722/8000
    a=rtpmap:102 ILBC/8000
    a=rtpmap:0 PCMU/8000
    a=rtpmap:8 PCMA/8000
    a=rtpmap:106 CN/32000
    a=rtpmap:105 CN/16000
    a=rtpmap:13 CN/8000
    a=rtpmap:110 telephone-event/48000
    a=rtpmap:112 telephone-event/32000
    a=rtpmap:113 telephone-event/16000
    a=rtpmap:126 telephone-event/8000
    a=ssrc:1754050945 cname:Q4XqHY8MtWP63WS+
    a=ssrc:1754050945 msid:ARDAMS ARDAMSa0
    a=ssrc:1754050945 mslabel:ARDAMS
    a=ssrc:1754050945 label:ARDAMSa0
    m=video 9 UDP/TLS/RTP/SAVPF 96 97 98 99 100 101 127
    c=IN IP4 0.0.0.0
    a=rtcp:9 IN IP4 0.0.0.0
    a=ice-ufrag:vRA3
    a=ice-pwd:aF0iWDUcA4PfV7OfhBsrjYo8
    a=ice-options:trickle renomination
    a=fingerprint:sha-256 C9:CF:A1:A0:7A:56:F5:4A:5C:27:85:F5:89:76:0B:54:96:28:69:9E:BD:29:21:19:E9:1B:71:07:ED:AF:99:2E
    a=setup:active
    a=mid:video
    a=extmap:14 urn:ietf:params:rtp-hdrext:toffset
    a=extmap:2 http://www.webrtc.org/experiments/rtp-hdrext/abs-send-time
    a=extmap:13 urn:3gpp:video-orientation
    a=extmap:3 http://www.ietf.org/id/draft-holmer-rmcat-transport-wide-cc-extensions-01
    a=extmap:5 http://www.webrtc.org/experiments/rtp-hdrext/playout-delay
    a=extmap:6 http://www.webrtc.org/experiments/rtp-hdrext/video-content-type
    a=extmap:7 http://www.webrtc.org/experiments/rtp-hdrext/video-timing
    a=extmap:8 http://www.webrtc.org/experiments/rtp-hdrext/color-space
    a=sendrecv
    a=rtcp-mux
    a=rtcp-rsize
    a=rtpmap:96 VP8/90000
    a=rtcp-fb:96 goog-remb
    a=rtcp-fb:96 transport-cc
    a=rtcp-fb:96 ccm fir
    a=rtcp-fb:96 nack
    a=rtcp-fb:96 nack pli
    a=rtpmap:97 rtx/90000
    a=fmtp:97 apt=96
    a=rtpmap:98 VP9/90000
    a=rtcp-fb:98 goog-remb
    a=rtcp-fb:98 transport-cc
    a=rtcp-fb:98 ccm fir
    a=rtcp-fb:98 nack
    a=rtcp-fb:98 nack pli
    a=rtpmap:99 rtx/90000
    a=fmtp:99 apt=98
    a=rtpmap:100 red/90000
    a=rtpmap:101 rtx/90000
    a=fmtp:101 apt=100
    a=rtpmap:127 ulpfec/90000
    a=ssrc-group:FID 2166798521 1912173017
    a=ssrc:2166798521 cname:Q4XqHY8MtWP63WS+
    a=ssrc:2166798521 msid:ARDAMS ARDAMSv0
    a=ssrc:2166798521 mslabel:ARDAMS
    a=ssrc:2166798521 label:ARDAMSv0
    a=ssrc:1912173017 cname:Q4XqHY8MtWP63WS+
    a=ssrc:1912173017 msid:ARDAMS ARDAMSv0
    a=ssrc:1912173017 mslabel:ARDAMS
    a=ssrc:1912173017 label:ARDAMSv0
02-26 04:27:39.786 1716-1912/com.sty.ne.chatroom D/PeerConnectionManager: onIceCandidate iceCandidate: video:1:candidate:1876313031 1 tcp 1518157055 ::1 40108 typ host tcptype passive generation 0 ufrag Rq3X network-id 4::UNKNOWN
02-26 04:27:39.786 1716-1912/com.sty.ne.chatroom D/JavaWebSocket: sendIceCandidate --> {"eventName":"__ice_candidate","data":{"id":"video","socketId":"94b742b9-731e-44c6-b004-356005cf6414","candidate":"candidate:1876313031 1 tcp 1518157055 ::1 40108 typ host tcptype passive generation 0 ufrag Rq3X network-id 4","label":1}}
02-26 04:27:39.786 1716-1912/com.sty.ne.chatroom D/PeerConnectionManager: onIceCandidate iceCandidate: video:1:candidate:344579997 1 tcp 1518083839 127.0.0.1 47491 typ host tcptype passive generation 0 ufrag Rq3X network-id 3::UNKNOWN
02-26 04:27:39.786 1716-1912/com.sty.ne.chatroom D/JavaWebSocket: sendIceCandidate --> {"eventName":"__ice_candidate","data":{"id":"video","socketId":"94b742b9-731e-44c6-b004-356005cf6414","candidate":"candidate:344579997 1 tcp 1518083839 127.0.0.1 47491 typ host tcptype passive generation 0 ufrag Rq3X network-id 3","label":1}}
02-26 04:27:39.792 1716-1899/com.sty.ne.chatroom D/JavaWebSocket: onMessage: {"eventName":"_ice_candidate","data":{"id":"audio","label":0,"sdpMLineIndex":0,"candidate":"candidate:4132807155 1 udp 2122260223 192.168.8.87 39447 typ host generation 0 ufrag vRA3 network-id 3 network-cost 10","socketId":"94b742b9-731e-44c6-b004-356005cf6414"}}
02-26 04:27:39.792 1716-1899/com.sty.ne.chatroom D/JavaWebSocket: JavaWebSocket handleRemoteCandidate: 
02-26 04:27:39.792 1716-1899/com.sty.ne.chatroom D/WebRTCManager: onRemoteIceCandidate() socketId: 94b742b9-731e-44c6-b004-356005cf6414
02-26 04:27:39.792 1716-1899/com.sty.ne.chatroom D/JavaWebSocket: onMessage: {"eventName":"_ice_candidate","data":{"id":"audio","label":0,"sdpMLineIndex":0,"candidate":"candidate:559267639 1 udp 2122202367 ::1 42810 typ host generation 0 ufrag vRA3 network-id 2","socketId":"94b742b9-731e-44c6-b004-356005cf6414"}}
02-26 04:27:39.792 1716-1899/com.sty.ne.chatroom D/JavaWebSocket: JavaWebSocket handleRemoteCandidate: 
02-26 04:27:39.792 1716-1899/com.sty.ne.chatroom D/WebRTCManager: onRemoteIceCandidate() socketId: 94b742b9-731e-44c6-b004-356005cf6414
02-26 04:27:39.793 1716-1899/com.sty.ne.chatroom D/JavaWebSocket: onMessage: {"eventName":"_ice_candidate","data":{"id":"audio","label":0,"sdpMLineIndex":0,"candidate":"candidate:1510613869 1 udp 2122129151 127.0.0.1 43408 typ host generation 0 ufrag vRA3 network-id 1","socketId":"94b742b9-731e-44c6-b004-356005cf6414"}}
02-26 04:27:39.793 1716-1899/com.sty.ne.chatroom D/JavaWebSocket: JavaWebSocket handleRemoteCandidate: 
02-26 04:27:39.793 1716-1899/com.sty.ne.chatroom D/WebRTCManager: onRemoteIceCandidate() socketId: 94b742b9-731e-44c6-b004-356005cf6414
02-26 04:27:39.811 1716-1912/com.sty.ne.chatroom D/PeerConnectionManager: onSignalingChange signalingState: STABLE
02-26 04:27:39.812 1716-1911/com.sty.ne.chatroom I/org.webrtc.Logging: WebRtcAudioTrackExternal: initPlayout(sampleRate=44100, channels=1, bufferSizeFactor=1.0)
02-26 04:27:39.812 1716-1911/com.sty.ne.chatroom I/org.webrtc.Logging: WebRtcAudioTrackExternal: byteBuffer.capacity: 882
02-26 04:27:39.813 1716-1911/com.sty.ne.chatroom I/org.webrtc.Logging: WebRtcAudioTrackExternal: minBufferSizeInBytes: 6336
02-26 04:27:39.813 1716-1911/com.sty.ne.chatroom I/org.webrtc.Logging: WebRtcAudioTrackExternal: createAudioTrackOnLollipopOrHigher
02-26 04:27:39.814 1716-1911/com.sty.ne.chatroom I/org.webrtc.Logging: WebRtcAudioTrackExternal: nativeOutputSampleRate: 44100
02-26 04:27:39.821 1716-1911/com.sty.ne.chatroom I/org.webrtc.Logging: WebRtcAudioTrackExternal: AudioTrack: session ID: 21, channels: 1, sample rate: 44100, max gain: 1.0
02-26 04:27:39.821 1716-1911/com.sty.ne.chatroom I/org.webrtc.Logging: VolumeLogger: start@[name=worker_thread - 1911, id=181]
02-26 04:27:39.821 1716-1911/com.sty.ne.chatroom I/org.webrtc.Logging: VolumeLogger: audio mode is: MODE_NORMAL
02-26 04:27:39.822 1716-1911/com.sty.ne.chatroom I/org.webrtc.Logging: WebRtcAudioTrackExternal: startPlayout
02-26 04:27:39.872 1716-1899/com.sty.ne.chatroom D/JavaWebSocket: onMessage: {"eventName":"_ice_candidate","data":{"id":"audio","label":0,"sdpMLineIndex":0,"candidate":"candidate:1876313031 1 tcp 1518222591 ::1 49394 typ host tcptype passive generation 0 ufrag vRA3 network-id 2","socketId":"94b742b9-731e-44c6-b004-356005cf6414"}}
02-26 04:27:39.872 1716-1899/com.sty.ne.chatroom D/JavaWebSocket: JavaWebSocket handleRemoteCandidate: 
02-26 04:27:39.872 1716-1899/com.sty.ne.chatroom D/WebRTCManager: onRemoteIceCandidate() socketId: 94b742b9-731e-44c6-b004-356005cf6414
02-26 04:27:39.922 1716-1915/com.sty.ne.chatroom I/org.webrtc.Logging: SurfaceEglRenderer: svr_remote_render: Reporting first rendered frame.
02-26 04:27:39.928 1716-1915/com.sty.ne.chatroom I/org.webrtc.Logging: SurfaceEglRenderer: svr_remote_render: Reporting frame resolution changed to 320x240 with rotation 90
02-26 04:27:39.942 1716-1716/com.sty.ne.chatroom I/org.webrtc.Logging: SurfaceViewRenderer: svr_remote_render: onMeasure(). New size: 768x1134
02-26 04:27:39.942 1716-1716/com.sty.ne.chatroom I/org.webrtc.Logging: SurfaceViewRenderer: svr_remote_render: onMeasure(). New size: 768x1134
02-26 04:27:39.942 1716-1716/com.sty.ne.chatroom I/org.webrtc.Logging: SurfaceViewRenderer: svr_local_render: onMeasure(). New size: 240x360
02-26 04:27:39.942 1716-1716/com.sty.ne.chatroom I/org.webrtc.Logging: EglRenderer: svr_local_rendersetLayoutAspectRatio: 0.6666667
02-26 04:27:39.942 1716-1716/com.sty.ne.chatroom I/org.webrtc.Logging: EglRenderer: svr_remote_rendersetLayoutAspectRatio: 0.67724866
02-26 04:27:39.961 1716-1899/com.sty.ne.chatroom D/JavaWebSocket: onMessage: {"eventName":"_ice_candidate","data":{"id":"audio","label":0,"sdpMLineIndex":0,"candidate":"candidate:344579997 1 tcp 1518149375 127.0.0.1 37724 typ host tcptype passive generation 0 ufrag vRA3 network-id 1","socketId":"94b742b9-731e-44c6-b004-356005cf6414"}}
02-26 04:27:39.961 1716-1899/com.sty.ne.chatroom D/JavaWebSocket: JavaWebSocket handleRemoteCandidate: 
02-26 04:27:39.961 1716-1899/com.sty.ne.chatroom D/WebRTCManager: onRemoteIceCandidate() socketId: 94b742b9-731e-44c6-b004-356005cf6414


模拟器一对一退出房间：
02-26 04:28:33.339 1716-1915/com.sty.ne.chatroom I/org.webrtc.Logging: CameraStatistics: Camera fps: 1.
02-26 04:28:33.850 1716-1905/com.sty.ne.chatroom W/art: Long monitor contention event with owner method=void org.webrtc.EglBase14Impl.swapBuffers() from EglBase14Impl.java:215 waiters=0 for 279ms
02-26 04:28:34.147 1716-1915/com.sty.ne.chatroom W/art: Long monitor contention event with owner method=void org.webrtc.EglBase14Impl.swapBuffers() from EglBase14Impl.java:215 waiters=0 for 177ms
02-26 04:28:35.282 1716-1716/com.sty.ne.chatroom I/org.webrtc.Logging: EglRenderer: svr_local_renderReleasing.
02-26 04:28:35.290 1716-1934/com.sty.ne.chatroom E/ProxyVideoSink: Dropping frame in proxy because target is null.
02-26 04:28:35.350 1716-1934/com.sty.ne.chatroom E/ProxyVideoSink: Dropping frame in proxy because target is null.
02-26 04:28:35.413 1716-1934/com.sty.ne.chatroom E/ProxyVideoSink: Dropping frame in proxy because target is null.
02-26 04:28:35.517 1716-1934/com.sty.ne.chatroom E/ProxyVideoSink: Dropping frame in proxy because target is null.
02-26 04:28:35.570 1716-1934/com.sty.ne.chatroom E/ProxyVideoSink: Dropping frame in proxy because target is null.
02-26 04:28:35.641 1716-1934/com.sty.ne.chatroom E/ProxyVideoSink: Dropping frame in proxy because target is null.
02-26 04:28:35.654 1716-1912/com.sty.ne.chatroom D/PeerConnectionManager: onIceConnectionChange iceConnectionState: CLOSED
02-26 04:28:35.665 1716-1912/com.sty.ne.chatroom D/PeerConnectionManager: onSignalingChange signalingState: CLOSED
02-26 04:28:35.700 1716-1934/com.sty.ne.chatroom E/ProxyVideoSink: Dropping frame in proxy because target is null.
02-26 04:28:35.751 1716-1915/com.sty.ne.chatroom I/org.webrtc.Logging: CameraStatistics: Camera fps: 1.
02-26 04:28:35.765 1716-1934/com.sty.ne.chatroom E/ProxyVideoSink: Dropping frame in proxy because target is null.
02-26 04:28:35.825 1716-1934/com.sty.ne.chatroom E/ProxyVideoSink: Dropping frame in proxy because target is null.
02-26 04:28:35.840 1716-1905/com.sty.ne.chatroom W/art: Long monitor contention event with owner method=void org.webrtc.EglBase14Impl.swapBuffers() from EglBase14Impl.java:215 waiters=0 for 557ms
02-26 04:28:35.840 1716-1905/com.sty.ne.chatroom I/org.webrtc.Logging: GlShader: Deleting shader.
02-26 04:28:35.840 1716-1905/com.sty.ne.chatroom I/org.webrtc.Logging: EglRenderer: svr_local_rendereglBase detach and release.
02-26 04:28:35.941 1716-1934/com.sty.ne.chatroom E/ProxyVideoSink: Dropping frame in proxy because target is null.
02-26 04:28:36.098 1716-1915/com.sty.ne.chatroom E/ProxyVideoSink: Dropping frame in proxy because target is null.
02-26 04:28:36.141 1716-1911/com.sty.ne.chatroom I/org.webrtc.Logging: WebRtcAudioRecordExternal: stopRecording
02-26 04:28:36.161 1716-1911/com.sty.ne.chatroom I/org.webrtc.Logging: WebRtcAudioRecordExternal: stopThread
02-26 04:28:36.210 1716-1940/com.sty.ne.chatroom I/org.webrtc.Logging: WebRtcAudioRecordExternal: doAudioRecordStateCallback: STOP
02-26 04:28:36.225 1716-1911/com.sty.ne.chatroom I/org.webrtc.Logging: WebRtcAudioEffectsExternal: release
02-26 04:28:36.225 1716-1911/com.sty.ne.chatroom I/org.webrtc.Logging: WebRtcAudioRecordExternal: releaseAudioResources
02-26 04:28:36.259 1716-1905/com.sty.ne.chatroom I/org.webrtc.Logging: EglRenderer: svr_local_renderQuitting render thread.
02-26 04:28:36.260 1716-1907/com.sty.ne.chatroom I/org.webrtc.Logging: EglRenderer: svr_remote_renderDuration: 6579 ms. Frames received: 88. Dropped: 68. Rendered: 20. Render fps: 3.0. Average render time: 317801 us. Average swapBuffer time: 213717 us.
02-26 04:28:36.262 1716-1716/com.sty.ne.chatroom I/org.webrtc.Logging: EglRenderer: svr_local_renderReleasing done.
02-26 04:28:36.262 1716-1716/com.sty.ne.chatroom I/org.webrtc.Logging: EglRenderer: svr_remote_renderReleasing.
02-26 04:28:36.266 1716-1907/com.sty.ne.chatroom I/org.webrtc.Logging: GlShader: Deleting shader.
02-26 04:28:36.266 1716-1907/com.sty.ne.chatroom I/org.webrtc.Logging: EglRenderer: svr_remote_rendereglBase detach and release.
02-26 04:28:36.312 1716-1934/com.sty.ne.chatroom E/ProxyVideoSink: Dropping frame in proxy because target is null.
02-26 04:28:36.317 1716-1934/com.sty.ne.chatroom E/ProxyVideoSink: Dropping frame in proxy because target is null.
02-26 04:28:36.317 1716-1934/com.sty.ne.chatroom E/ProxyVideoSink: Dropping frame in proxy because target is null.
02-26 04:28:36.317 1716-1934/com.sty.ne.chatroom E/ProxyVideoSink: Dropping frame in proxy because target is null.
02-26 04:28:36.366 1716-1934/com.sty.ne.chatroom E/ProxyVideoSink: Dropping frame in proxy because target is null.
02-26 04:28:36.389 1716-1907/com.sty.ne.chatroom I/org.webrtc.Logging: EglRenderer: svr_remote_renderQuitting render thread.
02-26 04:28:36.396 1716-1716/com.sty.ne.chatroom I/org.webrtc.Logging: EglRenderer: svr_remote_renderReleasing done.
02-26 04:28:36.602 1716-1932/com.sty.ne.chatroom W/art: Native thread exiting without having called DetachCurrentThread (maybe it's going to use a pthread_key_create destructor?): Thread[39,tid=1932,Native,Thread*=0xeec48400,peer=0x12fce0a0,"EncoderQueue - 1932"]
02-26 04:28:36.608 1716-1915/com.sty.ne.chatroom E/ProxyVideoSink: Dropping frame in proxy because target is null.
02-26 04:28:36.634 1716-1934/com.sty.ne.chatroom W/art: Native thread exiting without having called DetachCurrentThread (maybe it's going to use a pthread_key_create destructor?): Thread[42,tid=1934,Native,Thread*=0xeec49400,peer=0x12fe50a0,"IncomingVideoSt - 1934"]
02-26 04:28:36.656 1716-1911/com.sty.ne.chatroom I/org.webrtc.Logging: VolumeLogger: stop@[name=worker_thread - 1911, id=181]
02-26 04:28:36.667 1716-1911/com.sty.ne.chatroom I/org.webrtc.Logging: WebRtcAudioTrackExternal: stopPlayout
02-26 04:28:36.667 1716-1911/com.sty.ne.chatroom I/org.webrtc.Logging: WebRtcAudioTrackExternal: stopThread
02-26 04:28:36.667 1716-1911/com.sty.ne.chatroom I/org.webrtc.Logging: WebRtcAudioTrackExternal: Stopping the AudioTrackThread...
02-26 04:28:36.725 1716-1915/com.sty.ne.chatroom E/ProxyVideoSink: Dropping frame in proxy because target is null.
02-26 04:28:36.788 1716-1911/com.sty.ne.chatroom I/org.webrtc.Logging: WebRtcAudioTrackExternal: AudioTrackThread has now been stopped.
02-26 04:28:36.788 1716-1911/com.sty.ne.chatroom I/org.webrtc.Logging: WebRtcAudioTrackExternal: Calling AudioTrack.stop...
02-26 04:28:36.797 1716-1911/com.sty.ne.chatroom I/org.webrtc.Logging: WebRtcAudioTrackExternal: AudioTrack.stop is done.
02-26 04:28:36.798 1716-1911/com.sty.ne.chatroom I/org.webrtc.Logging: WebRtcAudioTrackExternal: doAudioTrackStateCallback: 1
02-26 04:28:36.798 1716-1911/com.sty.ne.chatroom I/org.webrtc.Logging: WebRtcAudioTrackExternal: releaseAudioResources
02-26 04:28:36.829 1716-1915/com.sty.ne.chatroom E/ProxyVideoSink: Dropping frame in proxy because target is null.
02-26 04:28:36.876 1716-1915/com.sty.ne.chatroom E/ProxyVideoSink: Dropping frame in proxy because target is null.
02-26 04:28:36.891 1716-1910/com.sty.ne.chatroom I/org.webrtc.Logging: NetworkMonitor: Stop monitoring with native observer -288791840
02-26 04:28:36.891 1716-1910/com.sty.ne.chatroom I/org.webrtc.Logging: NetworkMonitorAutoDetect: Unregister network callback
02-26 04:28:36.892 1716-1858/com.sty.ne.chatroom D/ConnectivityManager.CallbackHandler: CM callback handler got msg 524296
02-26 04:28:36.932 1716-1915/com.sty.ne.chatroom E/ProxyVideoSink: Dropping frame in proxy because target is null.
02-26 04:28:37.067 1716-1915/com.sty.ne.chatroom E/ProxyVideoSink: Dropping frame in proxy because target is null.
02-26 04:28:37.205 1716-1915/com.sty.ne.chatroom E/ProxyVideoSink: Dropping frame in proxy because target is null.
02-26 04:28:37.312 1716-1915/com.sty.ne.chatroom E/ProxyVideoSink: Dropping frame in proxy because target is null.
02-26 04:28:37.409 1716-1915/com.sty.ne.chatroom E/ProxyVideoSink: Dropping frame in proxy because target is null.
02-26 04:28:37.443 1716-1915/com.sty.ne.chatroom E/ProxyVideoSink: Dropping frame in proxy because target is null.
02-26 04:28:37.460 1716-1735/com.sty.ne.chatroom W/EGL_emulation: eglSurfaceAttrib not implemented
02-26 04:28:37.460 1716-1735/com.sty.ne.chatroom W/OpenGLRenderer: Failed to set EGL_SWAP_BEHAVIOR on surface 0xdce0a8a0, error=EGL_SUCCESS
02-26 04:28:37.477 1716-1909/com.sty.ne.chatroom I/org.webrtc.Logging: CameraCapturer: Stop capture
02-26 04:28:37.477 1716-1909/com.sty.ne.chatroom I/org.webrtc.Logging: CameraCapturer: Stop capture: Nulling session
02-26 04:28:37.478 1716-1915/com.sty.ne.chatroom I/org.webrtc.Logging: Camera1Session: Stop camera1 session on camera 1
02-26 04:28:37.478 1716-1915/com.sty.ne.chatroom I/org.webrtc.Logging: Camera1Session: Stop internal
02-26 04:28:37.478 1716-1915/com.sty.ne.chatroom I/org.webrtc.Logging: SurfaceTextureHelper: stopListening()
02-26 04:28:37.478 1716-1909/com.sty.ne.chatroom I/org.webrtc.Logging: CameraCapturer: Stop capture done
02-26 04:28:37.478 1716-1909/com.sty.ne.chatroom I/org.webrtc.Logging: CameraCapturer: dispose
02-26 04:28:37.478 1716-1909/com.sty.ne.chatroom I/org.webrtc.Logging: CameraCapturer: Stop capture
02-26 04:28:37.478 1716-1909/com.sty.ne.chatroom I/org.webrtc.Logging: CameraCapturer: Stop capture: No session open
02-26 04:28:37.478 1716-1909/com.sty.ne.chatroom I/org.webrtc.Logging: CameraCapturer: Stop capture done
02-26 04:28:37.478 1716-1909/com.sty.ne.chatroom I/org.webrtc.Logging: SurfaceTextureHelper: dispose()
02-26 04:28:37.500 1716-1915/com.sty.ne.chatroom I/org.webrtc.Logging: Camera1Session: Stop done
02-26 04:28:37.500 1716-1915/com.sty.ne.chatroom I/org.webrtc.Logging: GlShader: Deleting shader.
02-26 04:28:37.514 1716-1912/com.sty.ne.chatroom W/art: Native thread exiting without having called DetachCurrentThread (maybe it's going to use a pthread_key_create destructor?): Thread[33,tid=1912,Native,Thread*=0xeec43c00,peer=0x12f260a0,"signaling_threa - 1912"]
02-26 04:28:37.516 1716-1911/com.sty.ne.chatroom W/art: Native thread exiting without having called DetachCurrentThread (maybe it's going to use a pthread_key_create destructor?): Thread[31,tid=1911,Native,Thread*=0xe1340400,peer=0x12f1d0a0,"worker_thread - 1911"]
02-26 04:28:37.517 1716-1910/com.sty.ne.chatroom W/art: Native thread exiting without having called DetachCurrentThread (maybe it's going to use a pthread_key_create destructor?): Thread[32,tid=1910,Native,Thread*=0xeec3e000,peer=0x12f1f0a0,"network_thread - 1910"]
02-26 04:28:37.526 1716-1899/com.sty.ne.chatroom D/JavaWebSocket: onClose code: 1000, reason: , remote: false
02-26 04:28:37.526 1716-1899/com.sty.ne.chatroom D/WebRTCManager: onWebSocketOpenFailed(): 
02-26 04:28:38.302 1716-1716/com.sty.ne.chatroom D/LeakCanary: Watching instance of leakcanary.internal.ViewModelClearedWatcher (leakcanary.internal.ViewModelClearedWatcher received ViewModel#onCleared() callback) with key 210afb4b-5467-4271-8843-c3ca3a26ddd4
02-26 04:28:38.302 1716-1716/com.sty.ne.chatroom D/LeakCanary: Watching instance of androidx.fragment.app.FragmentManagerViewModel (androidx.fragment.app.FragmentManagerViewModel received ViewModel#onCleared() callback) with key 46c78a0a-5f5a-4598-87e5-dcdc2d21bf21
02-26 04:28:38.303 1716-1716/com.sty.ne.chatroom D/LeakCanary: Watching instance of com.sty.ne.chatroom.ui.ChatSingleActivity (com.sty.ne.chatroom.ui.ChatSingleActivity received Activity#onDestroy() callback) with key 438c5915-322f-4dca-9d76-51a07a51c720
02-26 04:28:38.303 1716-1716/com.sty.ne.chatroom D/LeakCanary: Watching instance of android.widget.RelativeLayout (com.sty.ne.chatroom.ui.ChatSingleFragment received Fragment#onDestroyView() callback (references to its views should be cleared to prevent leaks)) with key d1c47bc7-cced-497b-883d-e872c3e7cdca
02-26 04:28:38.303 1716-1716/com.sty.ne.chatroom D/LeakCanary: Watching instance of androidx.loader.app.LoaderManagerImpl$LoaderViewModel (androidx.loader.app.LoaderManagerImpl$LoaderViewModel received ViewModel#onCleared() callback) with key ba657b6e-162e-4f9d-a775-29856c6f5d9c
02-26 04:28:38.303 1716-1716/com.sty.ne.chatroom D/LeakCanary: Watching instance of leakcanary.internal.ViewModelClearedWatcher (leakcanary.internal.ViewModelClearedWatcher received ViewModel#onCleared() callback) with key de4b7352-f27e-4d48-a995-5bf035e98c1b
02-26 04:28:38.304 1716-1716/com.sty.ne.chatroom D/LeakCanary: Watching instance of com.sty.ne.chatroom.ui.ChatSingleFragment (com.sty.ne.chatroom.ui.ChatSingleFragment received Fragment#onDestroy() callback) with key acd4bd5f-d133-4d80-956e-318cb7f5763b
